// Vitest Snapshot v1, https://vitest.dev/guide/snapshot.html

exports[`lazyImport > should render without any props 1`] = `
<div>
  <div
    aria-busy="true"
    aria-live="polite"
    class="ant-spin ant-spin-spinning css-dev-only-do-not-override-k7429z"
  >
    <span
      class="ant-spin-dot ant-spin-dot-spin"
    >
      <i
        class="ant-spin-dot-item"
      />
      <i
        class="ant-spin-dot-item"
      />
      <i
        class="ant-spin-dot-item"
      />
      <i
        class="ant-spin-dot-item"
      />
    </span>
  </div>
</div>
`;
